// Jest Snapshot v1, https://goo.gl/fbAQLP

exports[`should render LoadingPage correctly 1`] = `
<div
  className="loader"
>
  <img
    alt=""
    className="loader__image"
    src="/images/loading.gif"
  />
</div>
`;
